Index	ADCvalue(binary)	ADCvalue(decimal)	realvalue	unit	Voltage gain	Current gain	Force	Measure	Codevalue	offset	
0	0111111100010100	32532	7.098721	V	3.714	-1~1mA	Voltage	Voltage	11297	0	
1	0111111100000110	32518	7.094041	V	
2	0111111100000110	32518	7.094041	V	
3	0111111100000101	32517	7.093707	V	
4	0111111011110111	32503	7.089026	V	
5	0111111100000111	32519	7.094375	V	
6	0111111011110111	32503	7.089026	V	
7	0111111100010101	32533	7.099055	V	
8	0111111100000101	32517	7.093707	V	
9	0111111100000110	32518	7.094041	V	
10	0111111100010101	32533	7.099055	V	
11	0111111011110100	32500	7.088024	V


avg: 32516.3 ( 11 samples )